[2026-09-19T17:48:49.369Z] START daily-seo-update 2026-09-19
[2026-09-19T17:48:49.372Z] GSC window 2026-09-12 .. 2026-09-18
[2026-09-19T17:48:50.482Z] GSC siteUrl https://www.colddirect.co.uk/ account github-seo-bot@colddirect-live.iam.gserviceaccount.com
[2026-09-19T17:48:51.714Z] WROTE /home/runner/work/colddirect-website/colddirect-website/seo-audit/daily-positions.csv
[2026-09-19T17:49:07.823Z] SITEMAP http=200 locs=118
[2026-09-19T17:49:07.961Z] SITEMAP_GSC [{"type":"web","submitted":"108","indexed":"0"}]
[2026-09-19T17:49:09.721Z] FTP_OK UPLOADED blog/why-commercial-fridge-not-cold-enough.html
[2026-09-19T17:49:09.723Z] WROTE /home/runner/work/colddirect-website/colddirect-website/seo-audit/daily-report-2026-09-19.md
[2026-09-19T17:49:09.723Z] DONE changes=2 alerts=0
[2026-09-20T05:09:21.107Z] START daily-seo-update 2026-09-20
[2026-09-20T05:09:21.110Z] GSC window 2026-09-13 .. 2026-09-19
[2026-09-20T05:09:22.096Z] GSC siteUrl https://www.colddirect.co.uk/ account github-seo-bot@colddirect-live.iam.gserviceaccount.com
[2026-09-20T05:09:23.308Z] WROTE /home/runner/work/colddirect-website/colddirect-website/seo-audit/daily-positions.csv
[2026-09-20T05:09:31.067Z] ALERT 404 auto-map blog/types-of-cold-storage -> /
[2026-09-20T05:09:31.067Z] ALERT 404 /blog/types-of-cold-storage head=404 get=404
[2026-09-20T05:09:31.759Z] ALERT 404 auto-map blog/smeg-fridge-freezer-control-panel -> /
[2026-09-20T05:09:31.759Z] ALERT 404 /blog/smeg-fridge-freezer-control-panel head=404 get=404
[2026-09-20T05:09:33.572Z] SITEMAP http=200 locs=333
[2026-09-20T05:09:33.715Z] SITEMAP_GSC [{"type":"web","submitted":"118","indexed":"0"}]
[2026-09-20T05:09:34.732Z] FTP_OK UPLOADED web.config
[2026-09-20T05:09:34.733Z] WROTE /home/runner/work/colddirect-website/colddirect-website/seo-audit/daily-report-2026-09-20.md
[2026-09-20T05:09:34.734Z] DONE changes=2 alerts=2
[2026-09-20T15:03:00.506Z] START daily-seo-update 2026-09-20
[2026-09-20T15:03:00.508Z] GSC window 2026-09-13 .. 2026-09-19
[2026-09-20T15:03:01.404Z] GSC siteUrl https://www.colddirect.co.uk/ account github-seo-bot@colddirect-live.iam.gserviceaccount.com
[2026-09-20T15:03:02.813Z] WROTE /home/runner/work/colddirect-website/colddirect-website/seo-audit/daily-positions.csv
[2026-09-20T15:03:12.592Z] ALERT 404 /blog/types-of-cold-storage head=404 get=404
[2026-09-20T15:03:14.097Z] ALERT 404 /blog/smeg-fridge-freezer-control-panel head=404 get=404
[2026-09-20T15:03:16.894Z] SITEMAP http=200 locs=108
[2026-09-20T15:03:17.044Z] SITEMAP_GSC [{"type":"web","submitted":"118","indexed":"0"}]
[2026-09-20T15:03:17.045Z] WROTE /home/runner/work/colddirect-website/colddirect-website/seo-audit/daily-report-2026-09-20.md
[2026-09-20T15:03:17.045Z] DONE changes=0 alerts=2
[2026-09-21T05:09:55.944Z] START daily-seo-update 2026-09-21
[2026-09-21T05:09:55.946Z] GSC window 2026-09-14 .. 2026-09-20
[2026-09-21T05:09:56.976Z] GSC siteUrl https://www.colddirect.co.uk/ account github-seo-bot@colddirect-live.iam.gserviceaccount.com
[2026-09-21T05:09:57.919Z] WROTE /home/runner/work/colddirect-website/colddirect-website/seo-audit/daily-positions.csv
[2026-09-21T05:10:05.443Z] ALERT 404 /blog/types-of-cold-storage head=404 get=404
[2026-09-21T05:10:06.126Z] ALERT 404 /blog/smeg-fridge-freezer-control-panel head=404 get=404
[2026-09-21T05:10:08.444Z] SITEMAP http=200 locs=108
[2026-09-21T05:10:08.539Z] SITEMAP_GSC [{"type":"web","submitted":"118","indexed":"0"}]
[2026-09-21T05:10:08.540Z] WROTE /home/runner/work/colddirect-website/colddirect-website/seo-audit/daily-report-2026-09-21.md
[2026-09-21T05:10:08.540Z] DONE changes=0 alerts=2
[2026-09-22T05:09:28.588Z] START daily-seo-update 2026-09-22
[2026-09-22T05:09:28.589Z] GSC window 2026-09-15 .. 2026-09-21
[2026-09-22T05:09:29.380Z] GSC siteUrl https://www.colddirect.co.uk/ account github-seo-bot@colddirect-live.iam.gserviceaccount.com
[2026-09-22T05:09:30.390Z] WROTE /home/runner/work/colddirect-website/colddirect-website/seo-audit/daily-positions.csv
[2026-09-22T05:09:37.538Z] ALERT 404 /blog/types-of-cold-storage head=404 get=404
[2026-09-22T05:09:38.227Z] ALERT 404 /blog/smeg-fridge-freezer-control-panel head=404 get=404
[2026-09-22T05:09:40.482Z] SITEMAP http=200 locs=358
[2026-09-22T05:09:40.570Z] SITEMAP_GSC [{"type":"web","submitted":"118","indexed":"0"}]
[2026-09-22T05:09:41.589Z] FTP_OK UPLOADED blog/why-commercial-fridge-not-cold-enough.html
[2026-09-22T05:09:41.590Z] WROTE /home/runner/work/colddirect-website/colddirect-website/seo-audit/daily-report-2026-09-22.md
[2026-09-22T05:09:41.590Z] DONE changes=2 alerts=2
[2026-09-23T05:09:19.645Z] START daily-seo-update 2026-09-23
[2026-09-23T05:09:19.646Z] GSC window 2026-09-16 .. 2026-09-22
[2026-09-23T05:09:20.293Z] GSC siteUrl https://www.colddirect.co.uk/ account github-seo-bot@colddirect-live.iam.gserviceaccount.com
[2026-09-23T05:09:21.403Z] WROTE /home/runner/work/colddirect-website/colddirect-website/seo-audit/daily-positions.csv
[2026-09-23T05:09:37.576Z] SITEMAP http=200 locs=118
[2026-09-23T05:09:38.171Z] SITEMAP_GSC [{"type":"web","submitted":"118","indexed":"0"}]
[2026-09-23T05:09:38.172Z] WROTE /home/runner/work/colddirect-website/colddirect-website/seo-audit/daily-report-2026-09-23.md
[2026-09-23T05:09:38.172Z] DONE changes=0 alerts=0
[2026-09-24T05:09:19.356Z] START daily-seo-update 2026-09-24
[2026-09-24T05:09:19.358Z] GSC window 2026-09-17 .. 2026-09-23
[2026-09-24T05:09:20.350Z] GSC siteUrl https://www.colddirect.co.uk/ account github-seo-bot@colddirect-live.iam.gserviceaccount.com
[2026-09-24T05:09:21.659Z] WROTE /home/runner/work/colddirect-website/colddirect-website/seo-audit/daily-positions.csv
[2026-09-24T05:09:32.052Z] SITEMAP http=200 locs=118
[2026-09-24T05:09:32.270Z] SITEMAP_GSC [{"type":"web","submitted":"118","indexed":"0"}]
[2026-09-24T05:09:32.271Z] WROTE /home/runner/work/colddirect-website/colddirect-website/seo-audit/daily-report-2026-09-24.md
[2026-09-24T05:09:32.271Z] DONE changes=0 alerts=0
[2026-09-25T05:09:05.777Z] START daily-seo-update 2026-09-25
[2026-09-25T05:09:05.779Z] GSC window 2026-09-18 .. 2026-09-24
[2026-09-25T05:09:07.013Z] GSC siteUrl https://www.colddirect.co.uk/ account github-seo-bot@colddirect-live.iam.gserviceaccount.com
[2026-09-25T05:09:09.558Z] WROTE /home/runner/work/colddirect-website/colddirect-website/seo-audit/daily-positions.csv
[2026-09-25T05:09:22.101Z] SITEMAP http=200 locs=118
[2026-09-25T05:09:22.396Z] SITEMAP_GSC [{"type":"web","submitted":"118","indexed":"0"}]
[2026-09-25T05:09:22.397Z] WROTE /home/runner/work/colddirect-website/colddirect-website/seo-audit/daily-report-2026-09-25.md
[2026-09-25T05:09:22.397Z] DONE changes=0 alerts=0
[2026-09-26T05:09:22.013Z] START daily-seo-update 2026-09-26
[2026-09-26T05:09:22.015Z] GSC window 2026-09-19 .. 2026-09-25
[2026-09-26T05:09:23.139Z] GSC siteUrl https://www.colddirect.co.uk/ account github-seo-bot@colddirect-live.iam.gserviceaccount.com
[2026-09-26T05:09:24.638Z] WROTE /home/runner/work/colddirect-website/colddirect-website/seo-audit/daily-positions.csv
[2026-09-26T05:09:34.632Z] SITEMAP http=200 locs=362
[2026-09-26T05:09:34.827Z] SITEMAP_GSC [{"type":"web","submitted":"362","indexed":"0"}]
[2026-09-26T05:09:35.858Z] FTP_OK UPLOADED blog/why-commercial-freezer-not-freezing.html
[2026-09-26T05:09:35.859Z] WROTE /home/runner/work/colddirect-website/colddirect-website/seo-audit/daily-report-2026-09-26.md
[2026-09-26T05:09:35.860Z] DONE changes=1 alerts=0
[2026-09-27T05:09:08.512Z] START daily-seo-update 2026-09-27
[2026-09-27T05:09:08.515Z] GSC window 2026-09-20 .. 2026-09-26
[2026-09-27T05:09:09.505Z] GSC siteUrl https://www.colddirect.co.uk/ account github-seo-bot@colddirect-live.iam.gserviceaccount.com
[2026-09-27T05:09:11.143Z] WROTE /home/runner/work/colddirect-website/colddirect-website/seo-audit/daily-positions.csv
[2026-09-27T05:09:21.272Z] SITEMAP http=200 locs=362
[2026-09-27T05:09:21.449Z] SITEMAP_GSC [{"type":"web","submitted":"362","indexed":"0"}]
[2026-09-27T05:09:21.450Z] WROTE /home/runner/work/colddirect-website/colddirect-website/seo-audit/daily-report-2026-09-27.md
[2026-09-27T05:09:21.450Z] DONE changes=0 alerts=0
[2026-09-28T05:10:22.492Z] START daily-seo-update 2026-09-28
[2026-09-28T05:10:22.494Z] GSC window 2026-09-21 .. 2026-09-27
[2026-09-28T05:10:23.570Z] GSC siteUrl https://www.colddirect.co.uk/ account github-seo-bot@colddirect-live.iam.gserviceaccount.com
[2026-09-28T05:10:25.334Z] WROTE /home/runner/work/colddirect-website/colddirect-website/seo-audit/daily-positions.csv
[2026-09-28T05:10:39.439Z] SITEMAP http=200 locs=362
[2026-09-28T05:10:39.546Z] SITEMAP_GSC [{"type":"web","submitted":"362","indexed":"0"}]
[2026-09-28T05:10:39.547Z] WROTE /home/runner/work/colddirect-website/colddirect-website/seo-audit/daily-report-2026-09-28.md
[2026-09-28T05:10:39.547Z] DONE changes=0 alerts=0
[2026-09-29T05:09:58.228Z] START daily-seo-update 2026-09-29
[2026-09-29T05:09:58.230Z] GSC window 2026-09-22 .. 2026-09-28
[2026-09-29T05:09:58.971Z] GSC siteUrl https://www.colddirect.co.uk/ account github-seo-bot@colddirect-live.iam.gserviceaccount.com
[2026-09-29T05:10:00.450Z] WROTE /home/runner/work/colddirect-website/colddirect-website/seo-audit/daily-positions.csv
[2026-09-29T05:10:13.548Z] SITEMAP http=200 locs=362
[2026-09-29T05:10:14.006Z] SITEMAP_GSC [{"type":"web","submitted":"362","indexed":"0"}]
[2026-09-29T05:10:15.985Z] FTP_OK UPLOADED blog/why-commercial-freezer-not-freezing.html | UPLOADED blog/why-commercial-fridge-not-cold-enough.html
[2026-09-29T05:10:15.987Z] WROTE /home/runner/work/colddirect-website/colddirect-website/seo-audit/daily-report-2026-09-29.md
[2026-09-29T05:10:15.987Z] DONE changes=3 alerts=0
[2026-09-30T05:11:01.666Z] START daily-seo-update 2026-09-30
[2026-09-30T05:11:01.669Z] GSC window 2026-09-23 .. 2026-09-29
[2026-09-30T05:11:02.659Z] GSC siteUrl https://www.colddirect.co.uk/ account github-seo-bot@colddirect-live.iam.gserviceaccount.com
[2026-09-30T05:11:03.907Z] WROTE /home/runner/work/colddirect-website/colddirect-website/seo-audit/daily-positions.csv
[2026-09-30T05:11:15.844Z] SITEMAP http=200 locs=362
[2026-09-30T05:11:15.948Z] SITEMAP_GSC [{"type":"web","submitted":"362","indexed":"0"}]
[2026-09-30T05:11:15.949Z] WROTE /home/runner/work/colddirect-website/colddirect-website/seo-audit/daily-report-2026-09-30.md
[2026-09-30T05:11:15.949Z] DONE changes=0 alerts=0
[2026-10-01T05:10:56.618Z] START daily-seo-update 2026-10-01
[2026-10-01T05:10:56.621Z] GSC window 2026-09-24 .. 2026-09-30
[2026-10-01T05:10:57.590Z] GSC siteUrl https://www.colddirect.co.uk/ account github-seo-bot@colddirect-live.iam.gserviceaccount.com
[2026-10-01T05:10:59.240Z] WROTE /home/runner/work/colddirect-website/colddirect-website/seo-audit/daily-positions.csv
[2026-10-01T05:11:09.136Z] SITEMAP http=200 locs=362
[2026-10-01T05:11:09.391Z] SITEMAP_GSC [{"type":"web","submitted":"362","indexed":"0"}]
[2026-10-01T05:11:09.392Z] WROTE /home/runner/work/colddirect-website/colddirect-website/seo-audit/daily-report-2026-10-01.md
[2026-10-01T05:11:09.392Z] DONE changes=0 alerts=0
[2026-10-02T05:10:19.659Z] START daily-seo-update 2026-10-02
[2026-10-02T05:10:19.661Z] GSC window 2026-09-25 .. 2026-10-01
[2026-10-02T05:10:20.646Z] GSC siteUrl https://www.colddirect.co.uk/ account github-seo-bot@colddirect-live.iam.gserviceaccount.com
[2026-10-02T05:10:21.714Z] WROTE /home/runner/work/colddirect-website/colddirect-website/seo-audit/daily-positions.csv
[2026-10-02T05:10:33.625Z] SITEMAP http=200 locs=362
[2026-10-02T05:10:33.740Z] SITEMAP_GSC [{"type":"web","submitted":"362","indexed":"0"}]
[2026-10-02T05:10:33.741Z] WROTE /home/runner/work/colddirect-website/colddirect-website/seo-audit/daily-report-2026-10-02.md
[2026-10-02T05:10:33.741Z] DONE changes=0 alerts=0
[2026-10-03T05:09:26.079Z] START daily-seo-update 2026-10-03
[2026-10-03T05:09:26.082Z] GSC window 2026-09-26 .. 2026-10-02
[2026-10-03T05:09:27.139Z] GSC siteUrl https://www.colddirect.co.uk/ account github-seo-bot@colddirect-live.iam.gserviceaccount.com
[2026-10-03T05:09:28.423Z] WROTE /home/runner/work/colddirect-website/colddirect-website/seo-audit/daily-positions.csv
[2026-10-03T05:09:33.807Z] SITEMAP http=000 locs=0
[2026-10-03T05:09:33.939Z] SITEMAP_GSC [{"type":"web","submitted":"362","indexed":"0"}]
[2026-10-03T05:09:33.940Z] WROTE /home/runner/work/colddirect-website/colddirect-website/seo-audit/daily-report-2026-10-03.md
[2026-10-03T05:09:33.940Z] DONE changes=0 alerts=0
